// Jest Snapshot v1, https://goo.gl/fbAQLP

exports[`Index renders correct 1`] = `
<div>
  Hello from nextjs and typescript with love!
</div>
`;
