// Jest Snapshot v1, https://goo.gl/fbAQLP

exports[`CounterConnected renders correct with click 1`] = `
<span
  onClick={[Function]}
>
  Hello
   
  0
</span>
`;
